// Jest Snapshot v1, https://goo.gl/fbAQLP

exports[`ArticleList render correctly 1`] = `
<div>
  <ArticleWrapper
    article={
      Object {
        "id": "a",
      }
    }
  />
  <ArticleWrapper
    article={
      Object {
        "id": "b",
      }
    }
  />
</div>
`;
